---
source: crates/fuse-parser/tests/cases/mod.rs
expression: parsed.chunk
input_file: crates/fuse-parser/tests/cases/pass/string-literal-04/case.fuse
---
Some(Chunk(
  span: Span(
    start: 0,
    end: 18,
  ),
  body: Block(
    statements: [
      Expression(StringLiteral(StringLiteral(
        span: Span(
          start: 0,
          end: 17,
        ),
        segments: [
          Literal(Escaped(Atom("Hello ${world}"))),
        ],
      ))),
    ],
  ),
))
