---
source: crates/fuse-parser/tests/cases/mod.rs
expression: tokens
input_file: crates/fuse-parser/tests/cases/pass/string-literal-04/case.fuse
---
[
  TokenReference(
    token: Token(
      span: Span(
        start: 0,
        end: 9,
      ),
      kind: InterpolatedStringHead,
    ),
    leading_trivia: [],
    trailing_trivia: [],
  ),
  TokenReference(
    token: Token(
      span: Span(
        start: 9,
        end: 14,
      ),
      kind: Identifier,
    ),
    leading_trivia: [],
    trailing_trivia: [],
  ),
  TokenReference(
    token: Token(
      span: Span(
        start: 14,
        end: 15,
      ),
      kind: Undetermined,
    ),
    leading_trivia: [],
    trailing_trivia: [],
  ),
  TokenReference(
    token: Token(
      span: Span(
        start: 15,
        end: 17,
      ),
      kind: StringLiteral,
    ),
    leading_trivia: [],
    trailing_trivia: [],
  ),
]
