---
source: crates/fuse-parser/tests/cases/mod.rs
description: "test(a, b, c)\n"
expression: tokens
input_file: crates/fuse-parser/tests/cases/pass/call-expression-02/case.fuse
---
[
  TokenReference(
    token: Token(
      span: Span(
        start: 0,
        end: 4,
      ),
      kind: Identifier,
    ),
    leading_trivia: [],
    trailing_trivia: [],
  ),
  TokenReference(
    token: Token(
      span: Span(
        start: 4,
        end: 5,
      ),
      kind: LParen,
    ),
    leading_trivia: [],
    trailing_trivia: [],
  ),
  TokenReference(
    token: Token(
      span: Span(
        start: 5,
        end: 6,
      ),
      kind: Identifier,
    ),
    leading_trivia: [],
    trailing_trivia: [],
  ),
  TokenReference(
    token: Token(
      span: Span(
        start: 6,
        end: 7,
      ),
      kind: Comma,
    ),
    leading_trivia: [],
    trailing_trivia: [
      Token(
        span: Span(
          start: 7,
          end: 8,
        ),
        kind: Whitespace,
      ),
    ],
  ),
  TokenReference(
    token: Token(
      span: Span(
        start: 8,
        end: 9,
      ),
      kind: Identifier,
    ),
    leading_trivia: [],
    trailing_trivia: [],
  ),
  TokenReference(
    token: Token(
      span: Span(
        start: 9,
        end: 10,
      ),
      kind: Comma,
    ),
    leading_trivia: [],
    trailing_trivia: [
      Token(
        span: Span(
          start: 10,
          end: 11,
        ),
        kind: Whitespace,
      ),
    ],
  ),
  TokenReference(
    token: Token(
      span: Span(
        start: 11,
        end: 12,
      ),
      kind: Identifier,
    ),
    leading_trivia: [],
    trailing_trivia: [],
  ),
  TokenReference(
    token: Token(
      span: Span(
        start: 12,
        end: 13,
      ),
      kind: RParen,
    ),
    leading_trivia: [],
    trailing_trivia: [
      Token(
        span: Span(
          start: 13,
          end: 14,
        ),
        kind: Whitespace,
      ),
    ],
  ),
]
