---
source: crates/fuse-parser/tests/cases/mod.rs
description: "function () end\n"
expression: tokens
input_file: crates/fuse-parser/tests/cases/pass/function-expression-01/case.fuse
---
[
  TokenReference(
    token: Token(
      span: Span(
        start: 0,
        end: 8,
      ),
      kind: Function,
    ),
    leading_trivia: [],
    trailing_trivia: [
      Token(
        span: Span(
          start: 8,
          end: 9,
        ),
        kind: Whitespace,
      ),
    ],
  ),
  TokenReference(
    token: Token(
      span: Span(
        start: 9,
        end: 10,
      ),
      kind: LParen,
    ),
    leading_trivia: [],
    trailing_trivia: [],
  ),
  TokenReference(
    token: Token(
      span: Span(
        start: 10,
        end: 11,
      ),
      kind: RParen,
    ),
    leading_trivia: [],
    trailing_trivia: [
      Token(
        span: Span(
          start: 11,
          end: 12,
        ),
        kind: Whitespace,
      ),
    ],
  ),
  TokenReference(
    token: Token(
      span: Span(
        start: 12,
        end: 15,
      ),
      kind: End,
    ),
    leading_trivia: [],
    trailing_trivia: [
      Token(
        span: Span(
          start: 15,
          end: 16,
        ),
        kind: Whitespace,
      ),
    ],
  ),
]
