---
source: crates/fuse-parser/tests/cases/mod.rs
expression: parsed.chunk
input_file: crates/fuse-parser/tests/cases/pass/impl-statement-03/case.fuse
---
Some(Chunk(
  span: Span(
    start: 0,
    end: 80,
  ),
  body: Block(
    statements: [
      ImplStatement(ImplStatement(
        span: Span(
          start: 0,
          end: 79,
        ),
        target: TypeAnnotation(
          identifier: Identifier(
            span: Span(
              start: 5,
              end: 9,
            ),
            name: Atom("Test"),
          ),
        ),
        trait: None,
        methods: [
          ImplMethod(
            modifier: Private,
            function: Function(
              span: Span(
                start: 11,
                end: 25,
              ),
              signature: FunctionSignature(
                span: Span(
                  start: 11,
                  end: 20,
                ),
                identifier: Some(Identifier(
                  span: Span(
                    start: 14,
                    end: 18,
                  ),
                  name: Atom("test"),
                )),
                params: FunctionParameters(
                  span: Span(
                    start: 18,
                    end: 20,
                  ),
                  items: [],
                  rest: None,
                ),
                return_type: None,
              ),
              body: Block(Block(
                statements: [],
              )),
            ),
          ),
          ImplMethod(
            modifier: Private,
            function: Function(
              span: Span(
                start: 28,
                end: 75,
              ),
              signature: FunctionSignature(
                span: Span(
                  start: 28,
                  end: 70,
                ),
                identifier: Some(Identifier(
                  span: Span(
                    start: 31,
                    end: 36,
                  ),
                  name: Atom("test2"),
                )),
                params: FunctionParameters(
                  span: Span(
                    start: 36,
                    end: 62,
                  ),
                  items: [
                    FunctionParameter(
                      span: Span(
                        start: 37,
                        end: 40,
                      ),
                      pattern: BindingPattern(
                        kind: Identifier(BindingIdentifier(
                          span: Span(
                            start: 37,
                            end: 40,
                          ),
                          atom: Atom("foo"),
                          mutable: false,
                        )),
                        type_annotation: Some(TypeAnnotation(
                          identifier: Identifier(
                            span: Span(
                              start: 42,
                              end: 48,
                            ),
                            name: Atom("number"),
                          ),
                        )),
                        optional: false,
                      ),
                    ),
                    FunctionParameter(
                      span: Span(
                        start: 50,
                        end: 53,
                      ),
                      pattern: BindingPattern(
                        kind: Identifier(BindingIdentifier(
                          span: Span(
                            start: 50,
                            end: 53,
                          ),
                          atom: Atom("bar"),
                          mutable: false,
                        )),
                        type_annotation: Some(TypeAnnotation(
                          identifier: Identifier(
                            span: Span(
                              start: 55,
                              end: 61,
                            ),
                            name: Atom("number"),
                          ),
                        )),
                        optional: false,
                      ),
                    ),
                  ],
                  rest: None,
                ),
                return_type: Some(TypeAnnotation(
                  identifier: Identifier(
                    span: Span(
                      start: 66,
                      end: 70,
                    ),
                    name: Atom("Type"),
                  ),
                )),
              ),
              body: Block(Block(
                statements: [],
              )),
            ),
          ),
        ],
      )),
    ],
  ),
))
