---
source: crates/fuse-parser/tests/cases/mod.rs
expression: tokens
input_file: crates/fuse-parser/tests/cases/pass/impl-statement-03/case.fuse
---
[
  TokenReference(
    token: Token(
      span: Span(
        start: 0,
        end: 4,
      ),
      kind: Impl,
    ),
    leading_trivia: [],
    trailing_trivia: [
      Token(
        span: Span(
          start: 4,
          end: 5,
        ),
        kind: Whitespace,
      ),
    ],
  ),
  TokenReference(
    token: Token(
      span: Span(
        start: 5,
        end: 9,
      ),
      kind: Identifier,
    ),
    leading_trivia: [],
    trailing_trivia: [
      Token(
        span: Span(
          start: 9,
          end: 11,
        ),
        kind: Whitespace,
      ),
    ],
  ),
  TokenReference(
    token: Token(
      span: Span(
        start: 11,
        end: 13,
      ),
      kind: Fn,
    ),
    leading_trivia: [],
    trailing_trivia: [
      Token(
        span: Span(
          start: 13,
          end: 14,
        ),
        kind: Whitespace,
      ),
    ],
  ),
  TokenReference(
    token: Token(
      span: Span(
        start: 14,
        end: 18,
      ),
      kind: Identifier,
    ),
    leading_trivia: [],
    trailing_trivia: [],
  ),
  TokenReference(
    token: Token(
      span: Span(
        start: 18,
        end: 19,
      ),
      kind: LParen,
    ),
    leading_trivia: [],
    trailing_trivia: [],
  ),
  TokenReference(
    token: Token(
      span: Span(
        start: 19,
        end: 20,
      ),
      kind: RParen,
    ),
    leading_trivia: [],
    trailing_trivia: [
      Token(
        span: Span(
          start: 20,
          end: 22,
        ),
        kind: Whitespace,
      ),
    ],
  ),
  TokenReference(
    token: Token(
      span: Span(
        start: 22,
        end: 25,
      ),
      kind: End,
    ),
    leading_trivia: [],
    trailing_trivia: [
      Token(
        span: Span(
          start: 25,
          end: 28,
        ),
        kind: Whitespace,
      ),
    ],
  ),
  TokenReference(
    token: Token(
      span: Span(
        start: 28,
        end: 30,
      ),
      kind: Fn,
    ),
    leading_trivia: [],
    trailing_trivia: [
      Token(
        span: Span(
          start: 30,
          end: 31,
        ),
        kind: Whitespace,
      ),
    ],
  ),
  TokenReference(
    token: Token(
      span: Span(
        start: 31,
        end: 36,
      ),
      kind: Identifier,
    ),
    leading_trivia: [],
    trailing_trivia: [],
  ),
  TokenReference(
    token: Token(
      span: Span(
        start: 36,
        end: 37,
      ),
      kind: LParen,
    ),
    leading_trivia: [],
    trailing_trivia: [],
  ),
  TokenReference(
    token: Token(
      span: Span(
        start: 37,
        end: 40,
      ),
      kind: Identifier,
    ),
    leading_trivia: [],
    trailing_trivia: [],
  ),
  TokenReference(
    token: Token(
      span: Span(
        start: 40,
        end: 41,
      ),
      kind: Colon,
    ),
    leading_trivia: [],
    trailing_trivia: [
      Token(
        span: Span(
          start: 41,
          end: 42,
        ),
        kind: Whitespace,
      ),
    ],
  ),
  TokenReference(
    token: Token(
      span: Span(
        start: 42,
        end: 48,
      ),
      kind: Identifier,
    ),
    leading_trivia: [],
    trailing_trivia: [],
  ),
  TokenReference(
    token: Token(
      span: Span(
        start: 48,
        end: 49,
      ),
      kind: Comma,
    ),
    leading_trivia: [],
    trailing_trivia: [
      Token(
        span: Span(
          start: 49,
          end: 50,
        ),
        kind: Whitespace,
      ),
    ],
  ),
  TokenReference(
    token: Token(
      span: Span(
        start: 50,
        end: 53,
      ),
      kind: Identifier,
    ),
    leading_trivia: [],
    trailing_trivia: [],
  ),
  TokenReference(
    token: Token(
      span: Span(
        start: 53,
        end: 54,
      ),
      kind: Colon,
    ),
    leading_trivia: [],
    trailing_trivia: [
      Token(
        span: Span(
          start: 54,
          end: 55,
        ),
        kind: Whitespace,
      ),
    ],
  ),
  TokenReference(
    token: Token(
      span: Span(
        start: 55,
        end: 61,
      ),
      kind: Identifier,
    ),
    leading_trivia: [],
    trailing_trivia: [],
  ),
  TokenReference(
    token: Token(
      span: Span(
        start: 61,
        end: 62,
      ),
      kind: RParen,
    ),
    leading_trivia: [],
    trailing_trivia: [
      Token(
        span: Span(
          start: 62,
          end: 63,
        ),
        kind: Whitespace,
      ),
    ],
  ),
  TokenReference(
    token: Token(
      span: Span(
        start: 63,
        end: 65,
      ),
      kind: ThinArrow,
    ),
    leading_trivia: [],
    trailing_trivia: [
      Token(
        span: Span(
          start: 65,
          end: 66,
        ),
        kind: Whitespace,
      ),
    ],
  ),
  TokenReference(
    token: Token(
      span: Span(
        start: 66,
        end: 70,
      ),
      kind: Identifier,
    ),
    leading_trivia: [],
    trailing_trivia: [
      Token(
        span: Span(
          start: 70,
          end: 72,
        ),
        kind: Whitespace,
      ),
    ],
  ),
  TokenReference(
    token: Token(
      span: Span(
        start: 72,
        end: 75,
      ),
      kind: End,
    ),
    leading_trivia: [],
    trailing_trivia: [
      Token(
        span: Span(
          start: 75,
          end: 76,
        ),
        kind: Whitespace,
      ),
    ],
  ),
  TokenReference(
    token: Token(
      span: Span(
        start: 76,
        end: 79,
      ),
      kind: End,
    ),
    leading_trivia: [],
    trailing_trivia: [
      Token(
        span: Span(
          start: 79,
          end: 80,
        ),
        kind: Whitespace,
      ),
    ],
  ),
]
