---
source: crates/fuse-parser/tests/cases/mod.rs
description: "false\n"
expression: parsed.chunk
input_file: crates/fuse-parser/tests/cases/pass/boolean-literal-02/case.fuse
---
Some(Chunk(
  span: Span(
    start: 0,
    end: 6,
  ),
  body: Block(
    statements: [
      Expression(Literal(Boolean(BooleanLiteral(
        span: Span(
          start: 0,
          end: 5,
        ),
        value: false,
      )))),
    ],
  ),
))
