---
source: crates/fuse-parser/tests/cases/mod.rs
description: "let id = 123\n"
expression: parsed.chunk
input_file: crates/fuse-parser/tests/cases/pass/variable-declaration-01/case.fuse
---
Some(Chunk(
  span: Span(
    start: 0,
    end: 13,
  ),
  body: Block(
    statements: [
      VariableDeclaration(VariableDeclaration(
        span: Span(
          start: 0,
          end: 12,
        ),
        kind: Let,
        binding: BindingPattern(
          kind: Identifier(BindingIdentifier(
            span: Span(
              start: 4,
              end: 6,
            ),
            atom: Atom("id"),
            mutable: false,
          )),
          type_annotation: None,
          optional: false,
        ),
        expression: Some(NumberLiteral(NumberLiteral(
          span: Span(
            start: 9,
            end: 12,
          ),
          raw: Atom("123"),
          value: 123.0,
          kind: Decimal,
        ))),
      )),
    ],
  ),
))
