---
source: crates/fuse-parser/tests/cases/mod.rs
description: "const == 1123\n"
expression: parsed.errors
input_file: crates/fuse-parser/tests/cases/panic/variable-declaration-02/case.fuse
---
[
  UnexpectedError(TokenReference(
    token: Token(
      span: Span(
        start: 6,
        end: 7,
      ),
      kind: Eq,
    ),
    leading_trivia: [],
    trailing_trivia: [],
  )),
]
