---
source: crates/fuse-parser/tests/cases/mod.rs
expression: tokens
input_file: crates/fuse-parser/tests/cases/fail/variable-declaration-01/case.fuse
---
[
  TokenReference(
    token: Token(
      span: Span(
        start: 0,
        end: 5,
      ),
      kind: Local,
    ),
    leading_trivia: [],
    trailing_trivia: [
      Token(
        span: Span(
          start: 5,
          end: 6,
        ),
        kind: Whitespace,
      ),
    ],
  ),
  TokenReference(
    token: Token(
      span: Span(
        start: 6,
        end: 10,
      ),
      kind: Identifier,
    ),
    leading_trivia: [],
    trailing_trivia: [
      Token(
        span: Span(
          start: 10,
          end: 11,
        ),
        kind: Whitespace,
      ),
    ],
  ),
  TokenReference(
    token: Token(
      span: Span(
        start: 11,
        end: 12,
      ),
      kind: Eq,
    ),
    leading_trivia: [],
    trailing_trivia: [
      Token(
        span: Span(
          start: 12,
          end: 13,
        ),
        kind: Whitespace,
      ),
    ],
  ),
  TokenReference(
    token: Token(
      span: Span(
        start: 13,
        end: 16,
      ),
      kind: NumberLiteral,
    ),
    leading_trivia: [],
    trailing_trivia: [
      Token(
        span: Span(
          start: 16,
          end: 17,
        ),
        kind: Whitespace,
      ),
    ],
  ),
]
