---
source: crates/fuse-parser/tests/cases/mod.rs
description: "enum Ident\n\tVar1 = \"Hello\"\n\tVar2 = \"World\"\nend\n"
expression: parsed.chunk
input_file: crates/fuse-parser/tests/cases/pass/enum-declaration-02/case.fuse
---
Some(Chunk(
  span: Span(
    start: 0,
    end: 47,
  ),
  body: Block(
    statements: [
      EnumDeclaration(EnumDeclaration(
        span: Span(
          start: 0,
          end: 46,
        ),
        identifier: Identifier(
          span: Span(
            start: 5,
            end: 10,
          ),
          name: Atom("Ident"),
        ),
        variants: [
          EnumVariant(
            identifier: Identifier(
              span: Span(
                start: 12,
                end: 16,
              ),
              name: Atom("Var1"),
            ),
            value: Some(Literal(String(StringLiteral(
              span: Span(
                start: 19,
                end: 26,
              ),
              segments: [
                Literal(Unescaped(Span(
                  start: 20,
                  end: 26,
                ))),
              ],
            )))),
          ),
          EnumVariant(
            identifier: Identifier(
              span: Span(
                start: 28,
                end: 32,
              ),
              name: Atom("Var2"),
            ),
            value: Some(Literal(String(StringLiteral(
              span: Span(
                start: 35,
                end: 42,
              ),
              segments: [
                Literal(Unescaped(Span(
                  start: 36,
                  end: 42,
                ))),
              ],
            )))),
          ),
        ],
      )),
    ],
  ),
))
