---
source: crates/fuse-parser/tests/cases/mod.rs
description: "enum Ident\n\tVar1 = \"Hello\"\n\tVar2 = \"World\"\nend\n"
expression: tokens
input_file: crates/fuse-parser/tests/cases/pass/enum-declaration-02/case.fuse
---
[
  TokenReference(
    token: Token(
      span: Span(
        start: 0,
        end: 4,
      ),
      kind: Enum,
    ),
    leading_trivia: [],
    trailing_trivia: [
      Token(
        span: Span(
          start: 4,
          end: 5,
        ),
        kind: Whitespace,
      ),
    ],
  ),
  TokenReference(
    token: Token(
      span: Span(
        start: 5,
        end: 10,
      ),
      kind: Identifier,
    ),
    leading_trivia: [],
    trailing_trivia: [
      Token(
        span: Span(
          start: 10,
          end: 12,
        ),
        kind: Whitespace,
      ),
    ],
  ),
  TokenReference(
    token: Token(
      span: Span(
        start: 12,
        end: 16,
      ),
      kind: Identifier,
    ),
    leading_trivia: [],
    trailing_trivia: [
      Token(
        span: Span(
          start: 16,
          end: 17,
        ),
        kind: Whitespace,
      ),
    ],
  ),
  TokenReference(
    token: Token(
      span: Span(
        start: 17,
        end: 18,
      ),
      kind: Eq,
    ),
    leading_trivia: [],
    trailing_trivia: [
      Token(
        span: Span(
          start: 18,
          end: 19,
        ),
        kind: Whitespace,
      ),
    ],
  ),
  TokenReference(
    token: Token(
      span: Span(
        start: 19,
        end: 26,
      ),
      kind: StringLiteral,
    ),
    leading_trivia: [],
    trailing_trivia: [
      Token(
        span: Span(
          start: 26,
          end: 28,
        ),
        kind: Whitespace,
      ),
    ],
  ),
  TokenReference(
    token: Token(
      span: Span(
        start: 28,
        end: 32,
      ),
      kind: Identifier,
    ),
    leading_trivia: [],
    trailing_trivia: [
      Token(
        span: Span(
          start: 32,
          end: 33,
        ),
        kind: Whitespace,
      ),
    ],
  ),
  TokenReference(
    token: Token(
      span: Span(
        start: 33,
        end: 34,
      ),
      kind: Eq,
    ),
    leading_trivia: [],
    trailing_trivia: [
      Token(
        span: Span(
          start: 34,
          end: 35,
        ),
        kind: Whitespace,
      ),
    ],
  ),
  TokenReference(
    token: Token(
      span: Span(
        start: 35,
        end: 42,
      ),
      kind: StringLiteral,
    ),
    leading_trivia: [],
    trailing_trivia: [
      Token(
        span: Span(
          start: 42,
          end: 43,
        ),
        kind: Whitespace,
      ),
    ],
  ),
  TokenReference(
    token: Token(
      span: Span(
        start: 43,
        end: 46,
      ),
      kind: End,
    ),
    leading_trivia: [],
    trailing_trivia: [
      Token(
        span: Span(
          start: 46,
          end: 47,
        ),
        kind: Whitespace,
      ),
    ],
  ),
]
