---
source: crates/fuse-parser/tests/cases/mod.rs
description: "\"Hello, ${\"world\"}_trail\"\n"
expression: tokens
input_file: crates/fuse-parser/tests/cases/pass/string-interpolation-02/case.fuse
---
[
  TokenReference(
    token: Token(
      span: Span(
        start: 0,
        end: 10,
      ),
      kind: InterpolatedStringHead,
    ),
    leading_trivia: [],
    trailing_trivia: [],
  ),
  TokenReference(
    token: Token(
      span: Span(
        start: 10,
        end: 17,
      ),
      kind: StringLiteral,
    ),
    leading_trivia: [],
    trailing_trivia: [],
  ),
  TokenReference(
    token: Token(
      span: Span(
        start: 17,
        end: 18,
      ),
      kind: RCurly,
    ),
    leading_trivia: [],
    trailing_trivia: [],
  ),
  TokenReference(
    token: Token(
      span: Span(
        start: 18,
        end: 24,
      ),
      kind: Identifier,
    ),
    leading_trivia: [],
    trailing_trivia: [],
  ),
  TokenReference(
    token: Token(
      span: Span(
        start: 24,
        end: 26,
      ),
      kind: StringLiteral,
    ),
    leading_trivia: [],
    trailing_trivia: [],
  ),
]
