---
source: crates/fuse-parser/tests/cases/mod.rs
expression: parsed.errors
input_file: crates/fuse-parser/tests/cases/fail/panic/variable-declaration-01/case.fuse
---
[
  UnexpectedError(TokenReference(
    token: Token(
      span: Span(
        start: 0,
        end: 0,
      ),
      kind: Eof,
    ),
    leading_trivia: [],
    trailing_trivia: [],
  )),
]
