---
source: crates/fuse-parser/tests/cases/mod.rs
description: "function test()\nend\n"
expression: tokens
input_file: crates/fuse-parser/tests/cases/pass/function-declaration-01/case.fuse
---
[
  TokenReference(
    token: Token(
      span: Span(
        start: 0,
        end: 8,
      ),
      kind: Function,
    ),
    leading_trivia: [],
    trailing_trivia: [
      Token(
        span: Span(
          start: 8,
          end: 9,
        ),
        kind: Whitespace,
      ),
    ],
  ),
  TokenReference(
    token: Token(
      span: Span(
        start: 9,
        end: 13,
      ),
      kind: Identifier,
    ),
    leading_trivia: [],
    trailing_trivia: [],
  ),
  TokenReference(
    token: Token(
      span: Span(
        start: 13,
        end: 14,
      ),
      kind: LParen,
    ),
    leading_trivia: [],
    trailing_trivia: [],
  ),
  TokenReference(
    token: Token(
      span: Span(
        start: 14,
        end: 15,
      ),
      kind: RParen,
    ),
    leading_trivia: [],
    trailing_trivia: [
      Token(
        span: Span(
          start: 15,
          end: 16,
        ),
        kind: Whitespace,
      ),
    ],
  ),
  TokenReference(
    token: Token(
      span: Span(
        start: 16,
        end: 19,
      ),
      kind: End,
    ),
    leading_trivia: [],
    trailing_trivia: [
      Token(
        span: Span(
          start: 19,
          end: 20,
        ),
        kind: Whitespace,
      ),
    ],
  ),
]
