---
source: crates/fuse-parser/tests/cases/mod.rs
description: "fn()\n\t\"Hello world\"\nend\n"
expression: parsed.chunk
input_file: crates/fuse-parser/tests/cases/pass/function-expression-02/case.fuse
---
Some(Chunk(
  span: Span(
    start: 0,
    end: 24,
  ),
  body: Block(
    statements: [
      Expression(Function(Function(
        span: Span(
          start: 0,
          end: 23,
        ),
        signature: FunctionSignature(
          span: Span(
            start: 0,
            end: 4,
          ),
          identifier: None,
          params: FunctionParameters(
            span: Span(
              start: 2,
              end: 4,
            ),
            items: [],
            rest: None,
          ),
          return_type: None,
        ),
        body: Block(Block(
          statements: [
            Expression(Literal(String(StringLiteral(
              span: Span(
                start: 6,
                end: 19,
              ),
              segments: [
                Literal(Unescaped(Span(
                  start: 7,
                  end: 19,
                ))),
              ],
            )))),
          ],
        )),
      ))),
    ],
  ),
))
