---
source: crates/fuse-parser/tests/cases/mod.rs
expression: tokens
input_file: crates/fuse-parser/tests/cases/pass/impl-statement-02/case.fuse
---
[
  TokenReference(
    token: Token(
      span: Span(
        start: 0,
        end: 4,
      ),
      kind: Impl,
    ),
    leading_trivia: [],
    trailing_trivia: [
      Token(
        span: Span(
          start: 4,
          end: 5,
        ),
        kind: Whitespace,
      ),
    ],
  ),
  TokenReference(
    token: Token(
      span: Span(
        start: 5,
        end: 10,
      ),
      kind: Identifier,
    ),
    leading_trivia: [],
    trailing_trivia: [
      Token(
        span: Span(
          start: 10,
          end: 11,
        ),
        kind: Whitespace,
      ),
    ],
  ),
  TokenReference(
    token: Token(
      span: Span(
        start: 11,
        end: 14,
      ),
      kind: For,
    ),
    leading_trivia: [],
    trailing_trivia: [
      Token(
        span: Span(
          start: 14,
          end: 15,
        ),
        kind: Whitespace,
      ),
    ],
  ),
  TokenReference(
    token: Token(
      span: Span(
        start: 15,
        end: 19,
      ),
      kind: Identifier,
    ),
    leading_trivia: [],
    trailing_trivia: [
      Token(
        span: Span(
          start: 19,
          end: 21,
        ),
        kind: Whitespace,
      ),
    ],
  ),
  TokenReference(
    token: Token(
      span: Span(
        start: 21,
        end: 23,
      ),
      kind: Fn,
    ),
    leading_trivia: [],
    trailing_trivia: [
      Token(
        span: Span(
          start: 23,
          end: 24,
        ),
        kind: Whitespace,
      ),
    ],
  ),
  TokenReference(
    token: Token(
      span: Span(
        start: 24,
        end: 28,
      ),
      kind: Identifier,
    ),
    leading_trivia: [],
    trailing_trivia: [],
  ),
  TokenReference(
    token: Token(
      span: Span(
        start: 28,
        end: 29,
      ),
      kind: LParen,
    ),
    leading_trivia: [],
    trailing_trivia: [],
  ),
  TokenReference(
    token: Token(
      span: Span(
        start: 29,
        end: 30,
      ),
      kind: RParen,
    ),
    leading_trivia: [],
    trailing_trivia: [
      Token(
        span: Span(
          start: 30,
          end: 32,
        ),
        kind: Whitespace,
      ),
    ],
  ),
  TokenReference(
    token: Token(
      span: Span(
        start: 32,
        end: 35,
      ),
      kind: End,
    ),
    leading_trivia: [],
    trailing_trivia: [
      Token(
        span: Span(
          start: 35,
          end: 38,
        ),
        kind: Whitespace,
      ),
    ],
  ),
  TokenReference(
    token: Token(
      span: Span(
        start: 38,
        end: 40,
      ),
      kind: Fn,
    ),
    leading_trivia: [],
    trailing_trivia: [
      Token(
        span: Span(
          start: 40,
          end: 41,
        ),
        kind: Whitespace,
      ),
    ],
  ),
  TokenReference(
    token: Token(
      span: Span(
        start: 41,
        end: 46,
      ),
      kind: Identifier,
    ),
    leading_trivia: [],
    trailing_trivia: [],
  ),
  TokenReference(
    token: Token(
      span: Span(
        start: 46,
        end: 47,
      ),
      kind: LParen,
    ),
    leading_trivia: [],
    trailing_trivia: [],
  ),
  TokenReference(
    token: Token(
      span: Span(
        start: 47,
        end: 50,
      ),
      kind: Identifier,
    ),
    leading_trivia: [],
    trailing_trivia: [],
  ),
  TokenReference(
    token: Token(
      span: Span(
        start: 50,
        end: 51,
      ),
      kind: Colon,
    ),
    leading_trivia: [],
    trailing_trivia: [
      Token(
        span: Span(
          start: 51,
          end: 52,
        ),
        kind: Whitespace,
      ),
    ],
  ),
  TokenReference(
    token: Token(
      span: Span(
        start: 52,
        end: 58,
      ),
      kind: Identifier,
    ),
    leading_trivia: [],
    trailing_trivia: [],
  ),
  TokenReference(
    token: Token(
      span: Span(
        start: 58,
        end: 59,
      ),
      kind: Comma,
    ),
    leading_trivia: [],
    trailing_trivia: [
      Token(
        span: Span(
          start: 59,
          end: 60,
        ),
        kind: Whitespace,
      ),
    ],
  ),
  TokenReference(
    token: Token(
      span: Span(
        start: 60,
        end: 63,
      ),
      kind: Identifier,
    ),
    leading_trivia: [],
    trailing_trivia: [],
  ),
  TokenReference(
    token: Token(
      span: Span(
        start: 63,
        end: 64,
      ),
      kind: Colon,
    ),
    leading_trivia: [],
    trailing_trivia: [
      Token(
        span: Span(
          start: 64,
          end: 65,
        ),
        kind: Whitespace,
      ),
    ],
  ),
  TokenReference(
    token: Token(
      span: Span(
        start: 65,
        end: 71,
      ),
      kind: Identifier,
    ),
    leading_trivia: [],
    trailing_trivia: [],
  ),
  TokenReference(
    token: Token(
      span: Span(
        start: 71,
        end: 72,
      ),
      kind: RParen,
    ),
    leading_trivia: [],
    trailing_trivia: [
      Token(
        span: Span(
          start: 72,
          end: 73,
        ),
        kind: Whitespace,
      ),
    ],
  ),
  TokenReference(
    token: Token(
      span: Span(
        start: 73,
        end: 75,
      ),
      kind: ThinArrow,
    ),
    leading_trivia: [],
    trailing_trivia: [
      Token(
        span: Span(
          start: 75,
          end: 76,
        ),
        kind: Whitespace,
      ),
    ],
  ),
  TokenReference(
    token: Token(
      span: Span(
        start: 76,
        end: 80,
      ),
      kind: Identifier,
    ),
    leading_trivia: [],
    trailing_trivia: [
      Token(
        span: Span(
          start: 80,
          end: 82,
        ),
        kind: Whitespace,
      ),
    ],
  ),
  TokenReference(
    token: Token(
      span: Span(
        start: 82,
        end: 85,
      ),
      kind: End,
    ),
    leading_trivia: [],
    trailing_trivia: [
      Token(
        span: Span(
          start: 85,
          end: 86,
        ),
        kind: Whitespace,
      ),
    ],
  ),
  TokenReference(
    token: Token(
      span: Span(
        start: 86,
        end: 89,
      ),
      kind: End,
    ),
    leading_trivia: [],
    trailing_trivia: [
      Token(
        span: Span(
          start: 89,
          end: 90,
        ),
        kind: Whitespace,
      ),
    ],
  ),
]
