---
source: crates/fuse-parser/tests/cases/mod.rs
expression: tokens
input_file: crates/fuse-parser/tests/cases/pass/function-expression-05/case.fuse
---
[
  TokenReference(
    token: Token(
      span: Span(
        start: 0,
        end: 2,
      ),
      kind: Fn,
    ),
    leading_trivia: [],
    trailing_trivia: [],
  ),
  TokenReference(
    token: Token(
      span: Span(
        start: 2,
        end: 3,
      ),
      kind: LParen,
    ),
    leading_trivia: [],
    trailing_trivia: [],
  ),
  TokenReference(
    token: Token(
      span: Span(
        start: 3,
        end: 8,
      ),
      kind: Identifier,
    ),
    leading_trivia: [],
    trailing_trivia: [],
  ),
  TokenReference(
    token: Token(
      span: Span(
        start: 8,
        end: 9,
      ),
      kind: Comma,
    ),
    leading_trivia: [],
    trailing_trivia: [],
  ),
  TokenReference(
    token: Token(
      span: Span(
        start: 9,
        end: 10,
      ),
      kind: RParen,
    ),
    leading_trivia: [],
    trailing_trivia: [
      Token(
        span: Span(
          start: 10,
          end: 11,
        ),
        kind: Whitespace,
      ),
    ],
  ),
  TokenReference(
    token: Token(
      span: Span(
        start: 11,
        end: 13,
      ),
      kind: Arrow,
    ),
    leading_trivia: [],
    trailing_trivia: [
      Token(
        span: Span(
          start: 13,
          end: 14,
        ),
        kind: Whitespace,
      ),
    ],
  ),
  TokenReference(
    token: Token(
      span: Span(
        start: 14,
        end: 19,
      ),
      kind: Identifier,
    ),
    leading_trivia: [],
    trailing_trivia: [
      Token(
        span: Span(
          start: 19,
          end: 20,
        ),
        kind: Whitespace,
      ),
    ],
  ),
]
