---
source: crates/fuse-parser/tests/cases/mod.rs
description: "\"Hello, ${true}, World\"\n"
expression: parsed.chunk
input_file: crates/fuse-parser/tests/cases/pass/string-interpolation-04/case.fuse
---
Some(Chunk(
  span: Span(
    start: 0,
    end: 24,
  ),
  body: Block(
    statements: [
      Expression(Literal(String(StringLiteral(
        span: Span(
          start: 0,
          end: 24,
        ),
        segments: [
          Interpolated(InterpolatedStringSegment(
            expression: Literal(Boolean(BooleanLiteral(
              span: Span(
                start: 10,
                end: 14,
              ),
              value: true,
            ))),
            format: Display,
          )),
        ],
      )))),
    ],
  ),
))
