---
source: crates/fuse-parser/tests/cases/mod.rs
description: "test()\n"
expression: parsed.chunk
input_file: crates/fuse-parser/tests/cases/pass/call-expression-01/case.fuse
---
Some(Chunk(
  span: Span(
    start: 0,
    end: 7,
  ),
  body: Block(
    statements: [
      Expression(CallExpression(CallExpression(
        span: Span(
          start: 4,
          end: 6,
        ),
        callee: Identifier(Identifier(
          span: Span(
            start: 0,
            end: 4,
          ),
          name: Atom("test"),
          reference: None,
        )),
        arguments: [],
      ))),
    ],
  ),
))
