---
source: crates/fuse-parser/tests/cases/mod.rs
description: "a.b().c.d()\n"
expression: tokens
input_file: crates/fuse-parser/tests/cases/pass/call-expression-04/case.fuse
---
[
  TokenReference(
    token: Token(
      span: Span(
        start: 0,
        end: 1,
      ),
      kind: Identifier,
    ),
    leading_trivia: [],
    trailing_trivia: [],
  ),
  TokenReference(
    token: Token(
      span: Span(
        start: 1,
        end: 2,
      ),
      kind: Dot,
    ),
    leading_trivia: [],
    trailing_trivia: [],
  ),
  TokenReference(
    token: Token(
      span: Span(
        start: 2,
        end: 3,
      ),
      kind: Identifier,
    ),
    leading_trivia: [],
    trailing_trivia: [],
  ),
  TokenReference(
    token: Token(
      span: Span(
        start: 3,
        end: 4,
      ),
      kind: LParen,
    ),
    leading_trivia: [],
    trailing_trivia: [],
  ),
  TokenReference(
    token: Token(
      span: Span(
        start: 4,
        end: 5,
      ),
      kind: RParen,
    ),
    leading_trivia: [],
    trailing_trivia: [],
  ),
  TokenReference(
    token: Token(
      span: Span(
        start: 5,
        end: 6,
      ),
      kind: Dot,
    ),
    leading_trivia: [],
    trailing_trivia: [],
  ),
  TokenReference(
    token: Token(
      span: Span(
        start: 6,
        end: 7,
      ),
      kind: Identifier,
    ),
    leading_trivia: [],
    trailing_trivia: [],
  ),
  TokenReference(
    token: Token(
      span: Span(
        start: 7,
        end: 8,
      ),
      kind: Dot,
    ),
    leading_trivia: [],
    trailing_trivia: [],
  ),
  TokenReference(
    token: Token(
      span: Span(
        start: 8,
        end: 9,
      ),
      kind: Identifier,
    ),
    leading_trivia: [],
    trailing_trivia: [],
  ),
  TokenReference(
    token: Token(
      span: Span(
        start: 9,
        end: 10,
      ),
      kind: LParen,
    ),
    leading_trivia: [],
    trailing_trivia: [],
  ),
  TokenReference(
    token: Token(
      span: Span(
        start: 10,
        end: 11,
      ),
      kind: RParen,
    ),
    leading_trivia: [],
    trailing_trivia: [
      Token(
        span: Span(
          start: 11,
          end: 12,
        ),
        kind: Whitespace,
      ),
    ],
  ),
]
