---
source: crates/fuse-parser/tests/cases/mod.rs
description: "123_456\n"
expression: parsed.chunk
input_file: crates/fuse-parser/tests/cases/pass/number-literal-06/case.fuse
---
Some(Chunk(
  span: Span(
    start: 0,
    end: 8,
  ),
  body: Block(
    statements: [
      Expression(NumberLiteral(NumberLiteral(
        span: Span(
          start: 0,
          end: 7,
        ),
        raw: Atom("123_456"),
        value: 123456.0,
        kind: Decimal,
      ))),
    ],
  ),
))
