---
source: crates/fuse-parser/tests/cases/mod.rs
description: "MyStruct { first: 123, second: 456 }\n"
expression: parsed.chunk
input_file: crates/fuse-parser/tests/cases/pass/struct-construction-01/case.fuse
---
Some(Chunk(
  span: Span(
    start: 0,
    end: 37,
  ),
  body: Block(
    statements: [
      Expression(StructConstructionExpression(StructConstructionExpression(
        target: Identifier(Identifier(
          span: Span(
            start: 0,
            end: 8,
          ),
          name: Atom("MyStruct"),
          reference: None,
        )),
        construction: ConstructionExpression(
          span: Span(
            start: 9,
            end: 36,
          ),
          fields: [
            KeyValueArgument(KeyValueArgument(
              span: Span(
                start: 11,
                end: 21,
              ),
              key: Identifier(
                span: Span(
                  start: 11,
                  end: 16,
                ),
                name: Atom("first"),
                reference: None,
              ),
              value: NumberLiteral(NumberLiteral(
                span: Span(
                  start: 18,
                  end: 21,
                ),
                raw: Atom("123"),
                value: 123.0,
                kind: Decimal,
              )),
            )),
            KeyValueArgument(KeyValueArgument(
              span: Span(
                start: 23,
                end: 34,
              ),
              key: Identifier(
                span: Span(
                  start: 23,
                  end: 29,
                ),
                name: Atom("second"),
                reference: None,
              ),
              value: NumberLiteral(NumberLiteral(
                span: Span(
                  start: 31,
                  end: 34,
                ),
                raw: Atom("456"),
                value: 456.0,
                kind: Decimal,
              )),
            )),
          ],
        ),
      ))),
    ],
  ),
))
