---
source: crates/fuse-parser/tests/cases/mod.rs
description: "\"Hello, \\n\\\n\t\t\t\tWorld\"\n"
expression: parsed.chunk
input_file: crates/fuse-parser/tests/cases/pass/string-literal-03/case.fuse
---
Some(Chunk(
  span: Span(
    start: 0,
    end: 23,
  ),
  body: Block(
    statements: [
      Expression(Literal(String(StringLiteral(
        span: Span(
          start: 0,
          end: 22,
        ),
        segments: [
          Literal(Escaped(Atom("Hello, \nWorld"))),
        ],
      )))),
    ],
  ),
))
