---
source: crates/fuse-parser/tests/cases/mod.rs
expression: parsed.chunk
input_file: crates/fuse-parser/tests/cases/pass/number-literal-03/case.fuse
---
Some(Chunk(
  span: Span(
    start: 0,
    end: 6,
  ),
  body: Block(
    statements: [
      Expression(NumberLiteral(NumberLiteral(
        span: Span(
          start: 0,
          end: 5,
        ),
        raw: Atom("1.2e3"),
        value: 1200.0,
        kind: Float,
      ))),
    ],
  ),
))
