---
source: crates/fuse-parser/tests/cases/mod.rs
expression: parsed.errors
input_file: crates/fuse-parser/tests/cases/panic/variable-declaration-01/case.fuse
---
[
  UnexpectedError(TokenReference(
    token: Token(
      span: Span(
        start: 11,
        end: 12,
      ),
      kind: Eq,
    ),
    leading_trivia: [],
    trailing_trivia: [
      Token(
        span: Span(
          start: 12,
          end: 13,
        ),
        kind: Whitespace,
      ),
    ],
  )),
]
