---
source: crates/fuse-parser/tests/cases/mod.rs
description: "not true\n"
expression: parsed.chunk
input_file: crates/fuse-parser/tests/cases/pass/unary-operator-01/case.fuse
---
Some(Chunk(
  span: Span(
    start: 0,
    end: 9,
  ),
  body: Block(
    statements: [
      Expression(UnaryOperator(UnaryOperator(
        kind: Not(Span(
          start: 0,
          end: 3,
        )),
        expression: Literal(Boolean(BooleanLiteral(
          span: Span(
            start: 4,
            end: 8,
          ),
          value: true,
        ))),
      ))),
    ],
  ),
))
